============================================================
  主线强度追踪系统 V3 — 概念板块版
============================================================

[0/7] 检查缓存文件大小...

[1/7] 更新涨停池数据...

📥 正在获取最近 120 个交易日的涨停/跌停数据...
  🚀 启动多渠道并发获取，需要抓取 1 天...
  🆕 20260710 | 涨停 75 | 最高8板(恒尚节能)

  📉 补充跌停数据 (1 天)...

  💾 缓存已更新: 新增 1 天, 共 165 天
  [08:41:54] 生成市场短线情绪历史...
  📡 补全 1 天的涨跌家数 (LongHu API)...
  ✅ API补全完成: 1/1 天

[08:41:56] [2/7] 加载并分类涨停股票...
  📥 抓取 2 天的板块分类数据...
  🧹 节假日剔除: 保留了 89 个有效交易日

[08:41:58] [交叉校验] 更新价格以验证收盘状态...
  📥 价格数据落后, 需全量获取 5190 只股票数据 (2026-07-10 至 2026-07-10)...
    ⚡ 仅缺最新交易日 (2026-07-10), 尝试腾讯快照秒补...
    ✅ 腾讯快照获取 5190 条 (耗时 1.4s), 跳过 baostock

[08:42:02] [3/7] 构建盘面详情与词云...
    [1/2] 抓取全网热门股...
    [2/2] 生成当日涨停属性词云 & 提取Top强势板块...
  🔧 最新日 A/D 校准: FuPan 2381/2672 -> 价格缓存 908/2668

[08:42:06] [4/7] 计算强度值与价格历史...
  📈 计算细分板块累计涨幅与领涨股...
    [性能] get_nday_leaders 完成 (耗时: 1.67s)

[08:42:11] [5/7] 计算N日涨幅排行与情感历史...
  ✅ 最近 30 交易日 A/D 对账完成: 更新 1 天, 数据完整

[6/6] 生成可视化...
  ✅ [量化引擎] 成功生成明日核心股票池: C:\Users\mengk\Desktop\quant_factor_tutorial\focus_pool.csv (共 4 只标的)

============================================================
  ✅ V3 同步版已完成!
  → 打开 C:\Users\mengk\Desktop\quant_factor_tutorial\主线强度追踪.html 查看
============================================================
